加载数据集中
/home/linux/7T/miniconda3/envs/tarflow/lib/python3.11/site-packages/sklearn/utils/validation.py:2691: UserWarning: X does not have valid feature names, but LGBMClassifier was fitted with feature names
  warnings.warn(
划分数据集中
创建数据集中
{
  "accuracy": 0.831140350877193,
  "pr_auc": 0.8522853352205252,
  "roc_auc": 0.8872909237770641,
  "acsa": 0.8336157134695326,
  "gm": 0.8334597381097313,
  "recall": 0.8497409326424871,
  "f1_score": 0.8098765432098766,
  "precision": 0.7735849056603774,
  "sensitivity": 0.8497409326424871,
  "specificity": 0.8174904942965779,
  "threshold": 0.5,
  "confusion_matrix": [
    [
      215,
      48
    ],
    [
      29,
      164
    ]
  ],
  "classification_report": {
    "benign": {
      "precision": 0.8811475409836066,
      "recall": 0.8174904942965779,
      "f1-score": 0.8481262327416174,
      "support": 263.0
    },
    "malware": {
      "precision": 0.7735849056603774,
      "recall": 0.8497409326424871,
      "f1-score": 0.8098765432098766,
      "support": 193.0
    },
    "accuracy": 0.831140350877193,
    "macro avg": {
      "precision": 0.8273662233219921,
      "recall": 0.8336157134695326,
      "f1-score": 0.829001387975747,
      "support": 456.0
    },
    "weighted avg": {
      "precision": 0.8356221273489942,
      "recall": 0.831140350877193,
      "f1-score": 0.8319372194091043,
      "support": 456.0
    }
  },
  "auc": 0.8872909237770641,
  "f1": 0.8098765432098766,
  "split": "test",
  "n_samples": 456
}
