{
  "accuracy": 0.8070175438596491,
  "pr_auc": 0.8796237337216811,
  "roc_auc": 0.9026970586496975,
  "acsa": 0.7858113832029787,
  "gm": 0.7735735546444954,
  "recall": 0.6476683937823834,
  "f1_score": 0.7396449704142012,
  "precision": 0.8620689655172413,
  "sensitivity": 0.6476683937823834,
  "specificity": 0.9239543726235742,
  "threshold": 0.5,
  "confusion_matrix": [
    [
      243,
      20
    ],
    [
      68,
      125
    ]
  ],
  "classification_report": {
    "benign": {
      "precision": 0.7813504823151125,
      "recall": 0.9239543726235742,
      "f1-score": 0.8466898954703833,
      "support": 263.0
    },
    "malware": {
      "precision": 0.8620689655172413,
      "recall": 0.6476683937823834,
      "f1-score": 0.7396449704142012,
      "support": 193.0
    },
    "accuracy": 0.8070175438596491,
    "macro avg": {
      "precision": 0.8217097239161769,
      "recall": 0.7858113832029787,
      "f1-score": 0.7931674329422922,
      "support": 456.0
    },
    "weighted avg": {
      "precision": 0.8155142263019785,
      "recall": 0.8070175438596491,
      "f1-score": 0.8013836004356396,
      "support": 456.0
    }
  },
  "auc": 0.9026970586496975,
  "f1": 0.7396449704142012,
  "split": "test",
  "n_samples": 456
}
